[www.shoaib.info.com/index.html]
[www.shoaib.info.com/images/logo/shoaib2.png]
[backblue.gif]
[fade.gif]
[index.html]
[maxcdn.bootstrapcdn.com/bootstrap/4.4.1/css/bootstrap.min.css]
[blackrockdigital.github.io/startbootstrap-resume/vendor/fontawesome-free/css/all.min.2.delayed]
[www.shoaib.info.com/frontend_assets/theme1/animate.css]
[www.shoaib.info.com/frontend_assets/theme1/style.css]
[www.shoaib.info.com/frontend_assets/theme_color/light.css]
[www.shoaib.info.com/frontend_assets/img/shoaib.jpg]
[www.shoaib.info.com/images/profile/shoaib2.jpg]
[www.shoaib.info.com/images/profile/shoaib.jpg]
[www.shoaib.info.com/shoaib.jpg]
[www.shoaib.info.com/]
[www.shoaib.info.com/]
[www.shoaib.info.com/]
[ajax.googleapis.com/ajax/libs/jquery/3.4.1/jquery.min.js]
[www.shoaib.info.com/index.html]
[cdnjs.cloudflare.com/ajax/libs/popper.js/1.16.0/umd/popper.min.js]
[maxcdn.bootstrapcdn.com/bootstrap/4.4.1/js/bootstrap.min.js]
[www.shoaib.info.com/frontend_assets/theme1/wow.min.js]
[www.shoaib.info.com/index4ae5.html]
[www.shoaib.info.com/frontend_assets/theme1/custom.js]
[maxcdn.bootstrapcdn.com/bootstrap/4.4.1/css/bootstrap.min.css]
[blackrockdigital.github.io/startbootstrap-resume/vendor/fontawesome-free/css/all.min.html]
[www.shoaib.info.com/frontend_assets/theme1/animate.css]
[www.shoaib.info.com/frontend_assets/img/home.jpg]
[www.shoaib.info.com/frontend_assets/img/sad.jpg]
[www.shoaib.info.com/frontend_assets/img/shoaib3.png]
[www.shoaib.info.com/frontend_assets/img/skill.jpg]
[www.shoaib.info.com/frontend_assets/img/testi.jpg]
[www.shoaib.info.com/frontend_assets/img/hire.jpg]
[www./frontend_assets/theme1/style.css]
[www.shoaib.info.com/frontend_assets/theme_color/light.css]
[www.shoaib.info.com/shoaib.html]
[www.shoaib.info.com/public/images/testimonial_image/index.html]
[www.shoaib.info.com/index.html]
[www.shoaib.info.com/frontend_assets/img/sad.html]
